Change Component Footprint: Designator=C1 Old Footprint=C-SE-7,5x10x9x5x4 New Footprint=FP-C0603C-CF-IPC_A
Change Component Footprint: Designator=C2 Old Footprint=C-SE-7,5x10x9x5x4 New Footprint=FP-C0603C-CF-IPC_A
Change Component Footprint: Designator=C3 Old Footprint=C-SE-7,5x10x9x5x4 New Footprint=FP-C0603C-CF-IPC_A
Change Component Footprint: Designator=C4 Old Footprint=C-SE-7,5x10x9x5x4 New Footprint=FP-C0603C-CF-IPC_A
Change Component Footprint: Designator=C5 Old Footprint=C-SE-7,5x10x9x5x4 New Footprint=FP-C0603C-CF-IPC_A
Change Component Footprint: Designator=C6 Old Footprint=C-SE-7,5x10x9x5x4 New Footprint=FP-C0603C-CF-IPC_A
Change Component Footprint: Designator=C7 Old Footprint=C-SE-7,5x10x9x5x4 New Footprint=FP-C0603C-CF-IPC_A
Change Component Footprint: Designator=C8 Old Footprint=C-SE-7,5x10x9x5x4 New Footprint=FP-C0603C-CF-IPC_A
Change Component Footprint: Designator=C9 Old Footprint=C-SE-7,5x10x9x5x4 New Footprint=FP-C0603C-CF-IPC_A
Change Component Footprint: Designator=C10 Old Footprint=C-SE-7,5x10x9x5x4 New Footprint=FP-C0603C-CF-IPC_A
Change Component Footprint: Designator=C11 Old Footprint=C-SE-7,5x10x9x5x4 New Footprint=FP-C0603C-CF-IPC_A
Change Component Footprint: Designator=C12 Old Footprint=C-SE-7,5x10x9x5x4 New Footprint=FP-C0603C-CF-IPC_A
Change Component Footprint: Designator=C13 Old Footprint=C-SE-7,5x10x9x5x4 New Footprint=FP-C0603C-CF-IPC_A
Change Component Footprint: Designator=C14 Old Footprint=C-SE-7,5x10x9x5x4 New Footprint=FP-C0603C-CF-IPC_A
Change Component Footprint: Designator=C15 Old Footprint=C-SE-7,5x10x9x5x4 New Footprint=FP-C0603C-CF-IPC_A
Change Component Footprint: Designator=C16 Old Footprint=C-SE-7,5x10x9x5x4 New Footprint=FP-C0603C-CF-IPC_A
Change Component Footprint: Designator=C17 Old Footprint=C-SE-7,5x10x9x5x4 New Footprint=FP-C0603C-CF-IPC_A
Change Component Footprint: Designator=C18 Old Footprint=C-SE-7,5x10x9x5x4 New Footprint=FP-C0603C-CF-IPC_A
Change Component Footprint: Designator=C19 Old Footprint=C-SE-7,5x10x9x5x4 New Footprint=FP-C0603C-CF-IPC_A
Change Component Footprint: Designator=C20 Old Footprint=C-SE-7,5x10x9x5x4 New Footprint=FP-C0603C-CF-IPC_A
Change Component Footprint: Designator=C21 Old Footprint=C-SE-7,5x10x9x5x4 New Footprint=FP-C0603C-CF-IPC_A
Change Component Footprint: Designator=C22 Old Footprint=C-SE-7,5x10x9x5x4 New Footprint=FP-C0603C-CF-IPC_A
Change Component Footprint: Designator=C23 Old Footprint=C-SE-7,5x10x9x5x4 New Footprint=FP-C0603C-CF-IPC_A
Change Component Footprint: Designator=C24 Old Footprint=C-SE-7,5x10x9x5x4 New Footprint=FP-C0603C-CF-IPC_A
Change Component Footprint: Designator=C25 Old Footprint=C-SE-7,5x10x9x5x4 New Footprint=FP-C0603C-CF-IPC_A
Change Component Footprint: Designator=C26 Old Footprint=C-SE-7,5x10x9x5x4 New Footprint=FP-C0603C-CF-IPC_A
Change Component Footprint: Designator=C27 Old Footprint=C-SE-7,5x10x9x5x4 New Footprint=FP-C0603C-CF-IPC_A
Change Component Footprint: Designator=C28 Old Footprint=C-SE-7,5x10x9x5x4 New Footprint=FP-C0603C-CF-IPC_A
Change Component Footprint: Designator=C29 Old Footprint=C-SE-7,5x10x9x5x4 New Footprint=FP-C0603C-CF-IPC_A
Change Component Footprint: Designator=C30 Old Footprint=C-SE-7,5x10x9x5x4 New Footprint=FP-C0603C-CF-IPC_A
Change Component Footprint: Designator=C31 Old Footprint=C-SE-7,5x10x9x5x4 New Footprint=FP-C0603C-CF-IPC_A
Change Component Footprint: Designator=C32 Old Footprint=C-SE-7,5x10x9x5x4 New Footprint=FP-C0603C-CF-IPC_A
Change Component Footprint: Designator=C33 Old Footprint=C-SE-7,5x10x9x5x4 New Footprint=FP-C0603C-CF-IPC_A
Change Component Footprint: Designator=C34 Old Footprint=C-SE-7,5x10x9x5x4 New Footprint=FP-C0603C-CF-IPC_A
Change Component Footprint: Designator=C35 Old Footprint=C-SE-7,5x10x9x5x4 New Footprint=FP-C0603C-CF-IPC_A
Change Component Footprint: Designator=C36 Old Footprint=C-SE-7,5x10x9x5x4 New Footprint=FP-C0603C-CF-IPC_A
Add component: Footprint Not Found MountingHole_2.7mm_M2.5_DIN965_Pad
Add component: Footprint Not Found MountingHole_2.7mm_M2.5_DIN965_Pad
Add component: Footprint Not Found MountingHole_2.7mm_M2.5_DIN965_Pad
Add component: Footprint Not Found MountingHole_2.7mm_M2.5_DIN965_Pad
Add Pin To Net: Unknown Pin: Pin D24-1
Add Pin To Net: Unknown Pin: Pin D24-2
Add Pin To Net: Unknown Pin: Pin H1-1
Add Pin To Net: Unknown Pin: Pin H2-1
Add Pin To Net: Unknown Pin: Pin H3-1
Add Pin To Net: Unknown Pin: Pin H4-1
Add Class Member: Failed to add class member : Component H1 MountingHole_Pad
Add Class Member: Failed to add class member : Component H2 MountingHole_Pad
Add Class Member: Failed to add class member : Component H3 MountingHole_Pad
Add Class Member: Failed to add class member : Component H4 MountingHole_Pad
