Change Component Designator: OldDesignator=P? NewDesignator=P1
Change Component Designator: OldDesignator=P? NewDesignator=P7
Add component: Footprint Not Found MountingHole_2.7mm_M2.5_DIN965_Pad
Add component: Footprint Not Found MountingHole_2.7mm_M2.5_DIN965_Pad
Add component: Footprint Not Found MountingHole_2.7mm_M2.5_DIN965_Pad
Add component: Footprint Not Found MountingHole_2.7mm_M2.5_DIN965_Pad
Add Pin To Net: Unknown Pin: Pin D24-1
Add Pin To Net: Unknown Pin: Pin D24-2
Add Pin To Net: Unknown Pin: Pin H1-1
Add Pin To Net: Unknown Pin: Pin H2-1
Add Pin To Net: Unknown Pin: Pin H3-1
Add Pin To Net: Unknown Pin: Pin H4-1
Change Net Name : Old Net Name=NetP?_1 New Net Name=NetP7_1
Change Net Name : Old Net Name=NetP?_2 New Net Name=NetP7_2
Change Net Name : Old Net Name=NetP?_3 New Net Name=NetP7_3
Change Net Name : Old Net Name=NetP?_4 New Net Name=NetP7_4
Change Net Name : Old Net Name=NetP?_5 New Net Name=NetP7_5
Change Net Name : Old Net Name=NetP?_6 New Net Name=NetP7_6
Added Pin To Net: NetName=NetP1_1 Pin=P1-1
Added Pin To Net: NetName=NetP1_1 Pin=R79-1
Added Pin To Net: NetName=NetP1_1 Pin=U22-1
Added Net: Name=NetP1_1
Added Pin To Net: NetName=NetP1_2 Pin=P1-2
Added Pin To Net: NetName=NetP1_2 Pin=R75-1
Added Pin To Net: NetName=NetP1_2 Pin=U20-1
Added Net: Name=NetP1_2
Added Pin To Net: NetName=NetP1_3 Pin=P1-3
Added Pin To Net: NetName=NetP1_3 Pin=R69-1
Added Pin To Net: NetName=NetP1_3 Pin=U17-1
Added Net: Name=NetP1_3
Added Pin To Net: NetName=NetP1_4 Pin=P1-4
Added Pin To Net: NetName=NetP1_4 Pin=R63-1
Added Pin To Net: NetName=NetP1_4 Pin=U14-1
Added Net: Name=NetP1_4
Add Class Member: Failed to add class member : Component H1 MountingHole_Pad
Add Class Member: Failed to add class member : Component H2 MountingHole_Pad
Add Class Member: Failed to add class member : Component H3 MountingHole_Pad
Add Class Member: Failed to add class member : Component H4 MountingHole_Pad
Added Member To Class: ClassName=DAC ADC PWM IO Member=Component P1 Screw_terminal 1x6
