Removed Pin From Net: NetName=NetR68_1 Pin=U26-3
Removed Pin From Net: NetName=NetU2_64 Pin=U26-4
Removed Pin From Net: NetName=NetR74_1 Pin=U26-5
Removed Pin From Net: NetName=NetU2_63 Pin=U26-6
Removed Pin From Net: NetName=NetR82_1 Pin=U27-1
Removed Pin From Net: NetName=NetU2_78 Pin=U27-2
Removed Pin From Net: NetName=NetR70_1 Pin=U27-3
Removed Pin From Net: NetName=NetU2_95 Pin=U27-4
Removed Pin From Net: NetName=NetR76_1 Pin=U27-5
Removed Pin From Net: NetName=NetU2_25 Pin=U27-6
Add component: Footprint Not Found MountingHole_2.7mm_M2.5_DIN965_Pad
Add component: Footprint Not Found MountingHole_2.7mm_M2.5_DIN965_Pad
Add component: Footprint Not Found MountingHole_2.7mm_M2.5_DIN965_Pad
Add component: Footprint Not Found MountingHole_2.7mm_M2.5_DIN965_Pad
Added Component: Designator=U27(N0014A)
Add component (AddParameter): Name = "Bits(#)"; Value = "6"; VariantName = "[No Variations]"
Add component (AddParameter): Name = "Code_JEDEC"; Value = "MS-001"; VariantName = "[No Variations]"
Add component (AddParameter): Name = "DatasheetVersion"; Value = "SCLS085G"; VariantName = "[No Variations]"
Add component (AddParameter): Name = "F @ Nom Voltage(Max)(Mhz)"; Value = "20"; VariantName = "[No Variations]"
Add component (AddParameter): Name = "Generic Part Number"; Value = "SN74HC14"; VariantName = "[No Variations]"
Add component (AddParameter): Name = "ICC @ Nom Voltage(Max)(mA)"; Value = "0.02"; VariantName = "[No Variations]"
Add component (AddParameter): Name = "Input Type"; Value = "CMOS"; VariantName = "[No Variations]"
Add component (AddParameter): Name = "Manufacturer"; Value = "Texas Instruments"; VariantName = "[No Variations]"
Add component (AddParameter): Name = "Operating Temperature Range(C)"; Value = "-40 to 85"; VariantName = "[No Variations]"
Add component (AddParameter): Name = "Output Drive (IOL/IOH)(Max)(mA)"; Value = "-4/4"; VariantName = "[No Variations]"
Add component (AddParameter): Name = "Output Type"; Value = "CMOS"; VariantName = "[No Variations]"
Add component (AddParameter): Name = "PackageReference"; Value = "N0014A"; VariantName = "[No Variations]"
Add component (AddParameter): Name = "Rating"; Value = "Catalog"; VariantName = "[No Variations]"
Add component (AddParameter): Name = "Schmitt Trigger"; Value = "Yes"; VariantName = "[No Variations]"
Add component (AddParameter): Name = "Technology Family"; Value = "HC"; VariantName = "[No Variations]"
Add component (AddParameter): Name = "tpd @ Nom Voltage(Max)(ns)"; Value = "31"; VariantName = "[No Variations]"
Add component (AddParameter): Name = "VCC(Max)(V)"; Value = "6"; VariantName = "[No Variations]"
Add component (AddParameter): Name = "VCC(Min)(V)"; Value = "2"; VariantName = "[No Variations]"
Add component (AddParameter): Name = "Voltage(Nom)(V)"; Value = "5"; VariantName = "[No Variations]"
Add Pin To Net: Unknown Pin: Pin D24-1
Add Pin To Net: Unknown Pin: Pin D24-2
Add Pin To Net: Unknown Pin: Pin H1-1
Add Pin To Net: Unknown Pin: Pin H2-1
Add Pin To Net: Unknown Pin: Pin H3-1
Add Pin To Net: Unknown Pin: Pin H4-1
Added Pin To Net: NetName=NetR70_1 Pin=U26-3
Added Pin To Net: NetName=NetU2_95 Pin=U26-4
Added Pin To Net: NetName=NetR76_1 Pin=U26-5
Added Pin To Net: NetName=NetU2_25 Pin=U26-6
Added Pin To Net: NetName=NetR82_1 Pin=U27-1
Added Pin To Net: NetName=NetU2_78 Pin=U27-2
Added Pin To Net: NetName=NetR68_1 Pin=U27-3
Added Pin To Net: NetName=NetU2_64 Pin=U27-4
Added Pin To Net: NetName=NetR74_1 Pin=U27-5
Added Pin To Net: NetName=NetU2_63 Pin=U27-6
Add Class Member: Failed to add class member : Component H1 MountingHole_Pad
Add Class Member: Failed to add class member : Component H2 MountingHole_Pad
Add Class Member: Failed to add class member : Component H3 MountingHole_Pad
Add Class Member: Failed to add class member : Component H4 MountingHole_Pad
