Removed Member From Class: ClassName=SDADC Member=Max 1
Removed Member From Class: ClassName=SDADC Member=Max 2
Removed Member From Class: ClassName=SDADC Member=Max 3
Removed Member From Class: ClassName=SDADC Member=Max 4
Removed Member From Class: ClassName=SDADC Member=Max 5
Removed Member From Class: ClassName=SDADC Member=Max 6
Removed Member From Class: ClassName=SDADC Member=Max 7
Removed Member From Class: ClassName=SDADC Member=Max 8
Removed Member From Class: ClassName=SDADC Member=Max 9
Removed Member From Class: ClassName=SDADC Member=Max 10
Removed Member From Class: ClassName=SDADC Member=Max 11
Removed Member From Class: ClassName=SDADC Member=Max 12
Removed Member From Class: ClassName=DSDADC Member=Max 
Removed Member From Class: ClassName=DSDADC Member=Max
Added Component: Designator=F9(FUSC3225X90N)
Add component (AddParameter): Name = "Check_prices"; Value = "https://www.snapeda.com/parts/0ZCH0150FF2E/Bel+Circuit+Protection/view-part/?ref=eda"; VariantName = "[No Variations]"
Add component (AddParameter): Name = "MF"; Value = "Bel Fuse"; VariantName = "[No Variations]"
Add component (AddParameter): Name = "MP"; Value = "0ZCH0150FF2E"; VariantName = "[No Variations]"
Add component (AddParameter): Name = "Package"; Value = "Package"; VariantName = "[No Variations]"
Add component (AddParameter): Name = "SnapEDA_Link"; Value = "https://www.snapeda.com/parts/0ZCH0150FF2E/Bel+Circuit+Protection/view-part/?ref=snap"; VariantName = "[No Variations]"
Add component (AddParameter): Name = "Value"; Value = ""; VariantName = "[No Variations]"
Added Component: Designator=F10(FUSC3225X90N)
Add component (AddParameter): Name = "Check_prices"; Value = "https://www.snapeda.com/parts/0ZCH0150FF2E/Bel+Circuit+Protection/view-part/?ref=eda"; VariantName = "[No Variations]"
Add component (AddParameter): Name = "MF"; Value = "Bel Fuse"; VariantName = "[No Variations]"
Add component (AddParameter): Name = "MP"; Value = "0ZCH0150FF2E"; VariantName = "[No Variations]"
Add component (AddParameter): Name = "Package"; Value = "Package"; VariantName = "[No Variations]"
Add component (AddParameter): Name = "SnapEDA_Link"; Value = "https://www.snapeda.com/parts/0ZCH0150FF2E/Bel+Circuit+Protection/view-part/?ref=snap"; VariantName = "[No Variations]"
Add component (AddParameter): Name = "Value"; Value = ""; VariantName = "[No Variations]"
Added Component: Designator=F11(FUSC3225X90N)
Add component (AddParameter): Name = "Check_prices"; Value = "https://www.snapeda.com/parts/0ZCH0150FF2E/Bel+Circuit+Protection/view-part/?ref=eda"; VariantName = "[No Variations]"
Add component (AddParameter): Name = "MF"; Value = "Bel Fuse"; VariantName = "[No Variations]"
Add component (AddParameter): Name = "MP"; Value = "0ZCH0150FF2E"; VariantName = "[No Variations]"
Add component (AddParameter): Name = "Package"; Value = "Package"; VariantName = "[No Variations]"
Add component (AddParameter): Name = "SnapEDA_Link"; Value = "https://www.snapeda.com/parts/0ZCH0150FF2E/Bel+Circuit+Protection/view-part/?ref=snap"; VariantName = "[No Variations]"
Add component (AddParameter): Name = "Value"; Value = ""; VariantName = "[No Variations]"
Added Component: Designator=F12(FUSC3225X90N)
Add component (AddParameter): Name = "Check_prices"; Value = "https://www.snapeda.com/parts/0ZCH0150FF2E/Bel+Circuit+Protection/view-part/?ref=eda"; VariantName = "[No Variations]"
Add component (AddParameter): Name = "MF"; Value = "Bel Fuse"; VariantName = "[No Variations]"
Add component (AddParameter): Name = "MP"; Value = "0ZCH0150FF2E"; VariantName = "[No Variations]"
Add component (AddParameter): Name = "Package"; Value = "Package"; VariantName = "[No Variations]"
Add component (AddParameter): Name = "SnapEDA_Link"; Value = "https://www.snapeda.com/parts/0ZCH0150FF2E/Bel+Circuit+Protection/view-part/?ref=snap"; VariantName = "[No Variations]"
Add component (AddParameter): Name = "Value"; Value = ""; VariantName = "[No Variations]"
Added Component: Designator=F13(FUSC3225X90N)
Add component (AddParameter): Name = "Check_prices"; Value = "https://www.snapeda.com/parts/0ZCH0150FF2E/Bel+Circuit+Protection/view-part/?ref=eda"; VariantName = "[No Variations]"
Add component (AddParameter): Name = "MF"; Value = "Bel Fuse"; VariantName = "[No Variations]"
Add component (AddParameter): Name = "MP"; Value = "0ZCH0150FF2E"; VariantName = "[No Variations]"
Add component (AddParameter): Name = "Package"; Value = "Package"; VariantName = "[No Variations]"
Add component (AddParameter): Name = "SnapEDA_Link"; Value = "https://www.snapeda.com/parts/0ZCH0150FF2E/Bel+Circuit+Protection/view-part/?ref=snap"; VariantName = "[No Variations]"
Add component (AddParameter): Name = "Value"; Value = ""; VariantName = "[No Variations]"
Added Component: Designator=F14(FUSC3225X90N)
Add component (AddParameter): Name = "Check_prices"; Value = "https://www.snapeda.com/parts/0ZCH0150FF2E/Bel+Circuit+Protection/view-part/?ref=eda"; VariantName = "[No Variations]"
Add component (AddParameter): Name = "MF"; Value = "Bel Fuse"; VariantName = "[No Variations]"
Add component (AddParameter): Name = "MP"; Value = "0ZCH0150FF2E"; VariantName = "[No Variations]"
Add component (AddParameter): Name = "Package"; Value = "Package"; VariantName = "[No Variations]"
Add component (AddParameter): Name = "SnapEDA_Link"; Value = "https://www.snapeda.com/parts/0ZCH0150FF2E/Bel+Circuit+Protection/view-part/?ref=snap"; VariantName = "[No Variations]"
Add component (AddParameter): Name = "Value"; Value = ""; VariantName = "[No Variations]"
Added Component: Designator=F15(FUSC3225X90N)
Add component (AddParameter): Name = "Check_prices"; Value = "https://www.snapeda.com/parts/0ZCH0150FF2E/Bel+Circuit+Protection/view-part/?ref=eda"; VariantName = "[No Variations]"
Add component (AddParameter): Name = "MF"; Value = "Bel Fuse"; VariantName = "[No Variations]"
Add component (AddParameter): Name = "MP"; Value = "0ZCH0150FF2E"; VariantName = "[No Variations]"
Add component (AddParameter): Name = "Package"; Value = "Package"; VariantName = "[No Variations]"
Add component (AddParameter): Name = "SnapEDA_Link"; Value = "https://www.snapeda.com/parts/0ZCH0150FF2E/Bel+Circuit+Protection/view-part/?ref=snap"; VariantName = "[No Variations]"
Add component (AddParameter): Name = "Value"; Value = ""; VariantName = "[No Variations]"
Added Component: Designator=F16(FUSC3225X90N)
Add component (AddParameter): Name = "Check_prices"; Value = "https://www.snapeda.com/parts/0ZCH0150FF2E/Bel+Circuit+Protection/view-part/?ref=eda"; VariantName = "[No Variations]"
Add component (AddParameter): Name = "MF"; Value = "Bel Fuse"; VariantName = "[No Variations]"
Add component (AddParameter): Name = "MP"; Value = "0ZCH0150FF2E"; VariantName = "[No Variations]"
Add component (AddParameter): Name = "Package"; Value = "Package"; VariantName = "[No Variations]"
Add component (AddParameter): Name = "SnapEDA_Link"; Value = "https://www.snapeda.com/parts/0ZCH0150FF2E/Bel+Circuit+Protection/view-part/?ref=snap"; VariantName = "[No Variations]"
Add component (AddParameter): Name = "Value"; Value = ""; VariantName = "[No Variations]"
Added Component: Designator=F17(FUSC3225X90N)
Add component (AddParameter): Name = "Check_prices"; Value = "https://www.snapeda.com/parts/0ZCH0150FF2E/Bel+Circuit+Protection/view-part/?ref=eda"; VariantName = "[No Variations]"
Add component (AddParameter): Name = "MF"; Value = "Bel Fuse"; VariantName = "[No Variations]"
Add component (AddParameter): Name = "MP"; Value = "0ZCH0150FF2E"; VariantName = "[No Variations]"
Add component (AddParameter): Name = "Package"; Value = "Package"; VariantName = "[No Variations]"
Add component (AddParameter): Name = "SnapEDA_Link"; Value = "https://www.snapeda.com/parts/0ZCH0150FF2E/Bel+Circuit+Protection/view-part/?ref=snap"; VariantName = "[No Variations]"
Add component (AddParameter): Name = "Value"; Value = ""; VariantName = "[No Variations]"
Added Component: Designator=F18(FUSC3225X90N)
Add component (AddParameter): Name = "Check_prices"; Value = "https://www.snapeda.com/parts/0ZCH0150FF2E/Bel+Circuit+Protection/view-part/?ref=eda"; VariantName = "[No Variations]"
Add component (AddParameter): Name = "MF"; Value = "Bel Fuse"; VariantName = "[No Variations]"
Add component (AddParameter): Name = "MP"; Value = "0ZCH0150FF2E"; VariantName = "[No Variations]"
Add component (AddParameter): Name = "Package"; Value = "Package"; VariantName = "[No Variations]"
Add component (AddParameter): Name = "SnapEDA_Link"; Value = "https://www.snapeda.com/parts/0ZCH0150FF2E/Bel+Circuit+Protection/view-part/?ref=snap"; VariantName = "[No Variations]"
Add component (AddParameter): Name = "Value"; Value = ""; VariantName = "[No Variations]"
Added Component: Designator=F19(FUSC3225X90N)
Add component (AddParameter): Name = "Check_prices"; Value = "https://www.snapeda.com/parts/0ZCH0150FF2E/Bel+Circuit+Protection/view-part/?ref=eda"; VariantName = "[No Variations]"
Add component (AddParameter): Name = "MF"; Value = "Bel Fuse"; VariantName = "[No Variations]"
Add component (AddParameter): Name = "MP"; Value = "0ZCH0150FF2E"; VariantName = "[No Variations]"
Add component (AddParameter): Name = "Package"; Value = "Package"; VariantName = "[No Variations]"
Add component (AddParameter): Name = "SnapEDA_Link"; Value = "https://www.snapeda.com/parts/0ZCH0150FF2E/Bel+Circuit+Protection/view-part/?ref=snap"; VariantName = "[No Variations]"
Add component (AddParameter): Name = "Value"; Value = ""; VariantName = "[No Variations]"
Added Component: Designator=F20(FUSC3225X90N)
Add component (AddParameter): Name = "Check_prices"; Value = "https://www.snapeda.com/parts/0ZCH0150FF2E/Bel+Circuit+Protection/view-part/?ref=eda"; VariantName = "[No Variations]"
Add component (AddParameter): Name = "MF"; Value = "Bel Fuse"; VariantName = "[No Variations]"
Add component (AddParameter): Name = "MP"; Value = "0ZCH0150FF2E"; VariantName = "[No Variations]"
Add component (AddParameter): Name = "Package"; Value = "Package"; VariantName = "[No Variations]"
Add component (AddParameter): Name = "SnapEDA_Link"; Value = "https://www.snapeda.com/parts/0ZCH0150FF2E/Bel+Circuit+Protection/view-part/?ref=snap"; VariantName = "[No Variations]"
Add component (AddParameter): Name = "Value"; Value = ""; VariantName = "[No Variations]"
Added Component: Designator=F21(FUSC3225X90N)
Add component (AddParameter): Name = "Check_prices"; Value = "https://www.snapeda.com/parts/0ZCH0150FF2E/Bel+Circuit+Protection/view-part/?ref=eda"; VariantName = "[No Variations]"
Add component (AddParameter): Name = "MF"; Value = "Bel Fuse"; VariantName = "[No Variations]"
Add component (AddParameter): Name = "MP"; Value = "0ZCH0150FF2E"; VariantName = "[No Variations]"
Add component (AddParameter): Name = "Package"; Value = "Package"; VariantName = "[No Variations]"
Add component (AddParameter): Name = "SnapEDA_Link"; Value = "https://www.snapeda.com/parts/0ZCH0150FF2E/Bel+Circuit+Protection/view-part/?ref=snap"; VariantName = "[No Variations]"
Add component (AddParameter): Name = "Value"; Value = ""; VariantName = "[No Variations]"
Added Component: Designator=F22(FUSC3225X90N)
Add component (AddParameter): Name = "Check_prices"; Value = "https://www.snapeda.com/parts/0ZCH0150FF2E/Bel+Circuit+Protection/view-part/?ref=eda"; VariantName = "[No Variations]"
Add component (AddParameter): Name = "MF"; Value = "Bel Fuse"; VariantName = "[No Variations]"
Add component (AddParameter): Name = "MP"; Value = "0ZCH0150FF2E"; VariantName = "[No Variations]"
Add component (AddParameter): Name = "Package"; Value = "Package"; VariantName = "[No Variations]"
Add component (AddParameter): Name = "SnapEDA_Link"; Value = "https://www.snapeda.com/parts/0ZCH0150FF2E/Bel+Circuit+Protection/view-part/?ref=snap"; VariantName = "[No Variations]"
Add component (AddParameter): Name = "Value"; Value = ""; VariantName = "[No Variations]"
Added Component: Designator=F23(FUSC3225X90N)
Add component (AddParameter): Name = "Check_prices"; Value = "https://www.snapeda.com/parts/0ZCH0150FF2E/Bel+Circuit+Protection/view-part/?ref=eda"; VariantName = "[No Variations]"
Add component (AddParameter): Name = "MF"; Value = "Bel Fuse"; VariantName = "[No Variations]"
Add component (AddParameter): Name = "MP"; Value = "0ZCH0150FF2E"; VariantName = "[No Variations]"
Add component (AddParameter): Name = "Package"; Value = "Package"; VariantName = "[No Variations]"
Add component (AddParameter): Name = "SnapEDA_Link"; Value = "https://www.snapeda.com/parts/0ZCH0150FF2E/Bel+Circuit+Protection/view-part/?ref=snap"; VariantName = "[No Variations]"
Add component (AddParameter): Name = "Value"; Value = ""; VariantName = "[No Variations]"
Added Component: Designator=F24(FUSC3225X90N)
Add component (AddParameter): Name = "Check_prices"; Value = "https://www.snapeda.com/parts/0ZCH0150FF2E/Bel+Circuit+Protection/view-part/?ref=eda"; VariantName = "[No Variations]"
Add component (AddParameter): Name = "MF"; Value = "Bel Fuse"; VariantName = "[No Variations]"
Add component (AddParameter): Name = "MP"; Value = "0ZCH0150FF2E"; VariantName = "[No Variations]"
Add component (AddParameter): Name = "Package"; Value = "Package"; VariantName = "[No Variations]"
Add component (AddParameter): Name = "SnapEDA_Link"; Value = "https://www.snapeda.com/parts/0ZCH0150FF2E/Bel+Circuit+Protection/view-part/?ref=snap"; VariantName = "[No Variations]"
Add component (AddParameter): Name = "Value"; Value = ""; VariantName = "[No Variations]"
Added Component: Designator=F25(FUSC3225X90N)
Add component (AddParameter): Name = "Check_prices"; Value = "https://www.snapeda.com/parts/0ZCH0150FF2E/Bel+Circuit+Protection/view-part/?ref=eda"; VariantName = "[No Variations]"
Add component (AddParameter): Name = "MF"; Value = "Bel Fuse"; VariantName = "[No Variations]"
Add component (AddParameter): Name = "MP"; Value = "0ZCH0150FF2E"; VariantName = "[No Variations]"
Add component (AddParameter): Name = "Package"; Value = "Package"; VariantName = "[No Variations]"
Add component (AddParameter): Name = "SnapEDA_Link"; Value = "https://www.snapeda.com/parts/0ZCH0150FF2E/Bel+Circuit+Protection/view-part/?ref=snap"; VariantName = "[No Variations]"
Add component (AddParameter): Name = "Value"; Value = ""; VariantName = "[No Variations]"
Added Component: Designator=F26(FUSC3225X90N)
Add component (AddParameter): Name = "Check_prices"; Value = "https://www.snapeda.com/parts/0ZCH0150FF2E/Bel+Circuit+Protection/view-part/?ref=eda"; VariantName = "[No Variations]"
Add component (AddParameter): Name = "MF"; Value = "Bel Fuse"; VariantName = "[No Variations]"
Add component (AddParameter): Name = "MP"; Value = "0ZCH0150FF2E"; VariantName = "[No Variations]"
Add component (AddParameter): Name = "Package"; Value = "Package"; VariantName = "[No Variations]"
Add component (AddParameter): Name = "SnapEDA_Link"; Value = "https://www.snapeda.com/parts/0ZCH0150FF2E/Bel+Circuit+Protection/view-part/?ref=snap"; VariantName = "[No Variations]"
Add component (AddParameter): Name = "Value"; Value = ""; VariantName = "[No Variations]"
Added Component: Designator=F27(FUSC3225X90N)
Add component (AddParameter): Name = "Check_prices"; Value = "https://www.snapeda.com/parts/0ZCH0150FF2E/Bel+Circuit+Protection/view-part/?ref=eda"; VariantName = "[No Variations]"
Add component (AddParameter): Name = "MF"; Value = "Bel Fuse"; VariantName = "[No Variations]"
Add component (AddParameter): Name = "MP"; Value = "0ZCH0150FF2E"; VariantName = "[No Variations]"
Add component (AddParameter): Name = "Package"; Value = "Package"; VariantName = "[No Variations]"
Add component (AddParameter): Name = "SnapEDA_Link"; Value = "https://www.snapeda.com/parts/0ZCH0150FF2E/Bel+Circuit+Protection/view-part/?ref=snap"; VariantName = "[No Variations]"
Add component (AddParameter): Name = "Value"; Value = ""; VariantName = "[No Variations]"
Added Component: Designator=F28(FUSC3225X90N)
Add component (AddParameter): Name = "Check_prices"; Value = "https://www.snapeda.com/parts/0ZCH0150FF2E/Bel+Circuit+Protection/view-part/?ref=eda"; VariantName = "[No Variations]"
Add component (AddParameter): Name = "MF"; Value = "Bel Fuse"; VariantName = "[No Variations]"
Add component (AddParameter): Name = "MP"; Value = "0ZCH0150FF2E"; VariantName = "[No Variations]"
Add component (AddParameter): Name = "Package"; Value = "Package"; VariantName = "[No Variations]"
Add component (AddParameter): Name = "SnapEDA_Link"; Value = "https://www.snapeda.com/parts/0ZCH0150FF2E/Bel+Circuit+Protection/view-part/?ref=snap"; VariantName = "[No Variations]"
Add component (AddParameter): Name = "Value"; Value = ""; VariantName = "[No Variations]"
Added Component: Designator=F29(FUSC3225X90N)
Add component (AddParameter): Name = "Check_prices"; Value = "https://www.snapeda.com/parts/0ZCH0150FF2E/Bel+Circuit+Protection/view-part/?ref=eda"; VariantName = "[No Variations]"
Add component (AddParameter): Name = "MF"; Value = "Bel Fuse"; VariantName = "[No Variations]"
Add component (AddParameter): Name = "MP"; Value = "0ZCH0150FF2E"; VariantName = "[No Variations]"
Add component (AddParameter): Name = "Package"; Value = "Package"; VariantName = "[No Variations]"
Add component (AddParameter): Name = "SnapEDA_Link"; Value = "https://www.snapeda.com/parts/0ZCH0150FF2E/Bel+Circuit+Protection/view-part/?ref=snap"; VariantName = "[No Variations]"
Add component (AddParameter): Name = "Value"; Value = ""; VariantName = "[No Variations]"
Added Component: Designator=F30(FUSC3225X90N)
Add component (AddParameter): Name = "Check_prices"; Value = "https://www.snapeda.com/parts/0ZCH0150FF2E/Bel+Circuit+Protection/view-part/?ref=eda"; VariantName = "[No Variations]"
Add component (AddParameter): Name = "MF"; Value = "Bel Fuse"; VariantName = "[No Variations]"
Add component (AddParameter): Name = "MP"; Value = "0ZCH0150FF2E"; VariantName = "[No Variations]"
Add component (AddParameter): Name = "Package"; Value = "Package"; VariantName = "[No Variations]"
Add component (AddParameter): Name = "SnapEDA_Link"; Value = "https://www.snapeda.com/parts/0ZCH0150FF2E/Bel+Circuit+Protection/view-part/?ref=snap"; VariantName = "[No Variations]"
Add component (AddParameter): Name = "Value"; Value = ""; VariantName = "[No Variations]"
Add Pin To Net: Unknown Pin: Pin D24-1
Add Pin To Net: Unknown Pin: Pin D24-2
Added Pin To Net: NetName=NetF9_1 Pin=F9-1
Added Pin To Net: NetName=NetF9_1 Pin=R43-1
Added Pin To Net: NetName=NetF9_1 Pin=R46-2
Added Net: Name=NetF9_1
Added Pin To Net: NetName=NetF9_2 Pin=F9-2
Added Pin To Net: NetName=NetF9_2 Pin=P5-10
Added Net: Name=NetF9_2
Added Pin To Net: NetName=NetF10_1 Pin=F10-1
Added Pin To Net: NetName=NetF10_1 Pin=R44-1
Added Pin To Net: NetName=NetF10_1 Pin=R47-2
Added Net: Name=NetF10_1
Added Pin To Net: NetName=NetF10_2 Pin=F10-2
Added Pin To Net: NetName=NetF10_2 Pin=P5-6
Added Net: Name=NetF10_2
Added Pin To Net: NetName=NetF11_1 Pin=F11-1
Added Pin To Net: NetName=NetF11_1 Pin=R45-1
Added Pin To Net: NetName=NetF11_1 Pin=R48-2
Added Net: Name=NetF11_1
Added Pin To Net: NetName=NetF11_2 Pin=F11-2
Added Pin To Net: NetName=NetF11_2 Pin=P5-2
Added Net: Name=NetF11_2
Added Pin To Net: NetName=NetF12_1 Pin=F12-1
Added Pin To Net: NetName=NetF12_1 Pin=R49-1
Added Pin To Net: NetName=NetF12_1 Pin=R52-2
Added Net: Name=NetF12_1
Added Pin To Net: NetName=NetF12_2 Pin=F12-2
Added Pin To Net: NetName=NetF12_2 Pin=P5-9
Added Net: Name=NetF12_2
Added Pin To Net: NetName=NetF13_1 Pin=F13-1
Added Pin To Net: NetName=NetF13_1 Pin=R50-1
Added Pin To Net: NetName=NetF13_1 Pin=R53-2
Added Net: Name=NetF13_1
Added Pin To Net: NetName=NetF13_2 Pin=F13-2
Added Pin To Net: NetName=NetF13_2 Pin=P5-5
Added Net: Name=NetF13_2
Added Pin To Net: NetName=NetF14_1 Pin=F14-1
Added Pin To Net: NetName=NetF14_1 Pin=R51-1
Added Pin To Net: NetName=NetF14_1 Pin=R54-2
Added Net: Name=NetF14_1
Added Pin To Net: NetName=NetF14_2 Pin=F14-2
Added Pin To Net: NetName=NetF14_2 Pin=P5-1
Added Net: Name=NetF14_2
Added Pin To Net: NetName=NetF15_1 Pin=F15-1
Added Pin To Net: NetName=NetF15_1 Pin=R55-1
Added Pin To Net: NetName=NetF15_1 Pin=R57-2
Added Net: Name=NetF15_1
Added Pin To Net: NetName=NetF15_2 Pin=F15-2
Added Pin To Net: NetName=NetF15_2 Pin=P5-8
Added Net: Name=NetF15_2
Added Pin To Net: NetName=NetF16_1 Pin=F16-1
Added Pin To Net: NetName=NetF16_1 Pin=R56-1
Added Pin To Net: NetName=NetF16_1 Pin=R58-2
Added Net: Name=NetF16_1
Added Pin To Net: NetName=NetF16_2 Pin=F16-2
Added Pin To Net: NetName=NetF16_2 Pin=P5-4
Added Net: Name=NetF16_2
Added Pin To Net: NetName=NetF17_1 Pin=F17-1
Added Pin To Net: NetName=NetF17_1 Pin=R59-1
Added Pin To Net: NetName=NetF17_1 Pin=R61-2
Added Net: Name=NetF17_1
Added Pin To Net: NetName=NetF17_2 Pin=F17-2
Added Pin To Net: NetName=NetF17_2 Pin=P5-7
Added Net: Name=NetF17_2
Added Pin To Net: NetName=NetF18_1 Pin=F18-1
Added Pin To Net: NetName=NetF18_1 Pin=R60-1
Added Pin To Net: NetName=NetF18_1 Pin=R62-2
Added Net: Name=NetF18_1
Added Pin To Net: NetName=NetF18_2 Pin=F18-2
Added Pin To Net: NetName=NetF18_2 Pin=P5-3
Added Net: Name=NetF18_2
Added Pin To Net: NetName=NetF19_1 Pin=F19-1
Added Pin To Net: NetName=NetF19_1 Pin=R83-1
Added Pin To Net: NetName=NetF19_1 Pin=R86-2
Added Net: Name=NetF19_1
Added Pin To Net: NetName=NetF19_2 Pin=F19-2
Added Pin To Net: NetName=NetF19_2 Pin=P2-1
Added Net: Name=NetF19_2
Added Pin To Net: NetName=NetF20_1 Pin=F20-1
Added Pin To Net: NetName=NetF20_1 Pin=R84-1
Added Pin To Net: NetName=NetF20_1 Pin=R87-2
Added Net: Name=NetF20_1
Added Pin To Net: NetName=NetF20_2 Pin=F20-2
Added Pin To Net: NetName=NetF20_2 Pin=P2-5
Added Net: Name=NetF20_2
Added Pin To Net: NetName=NetF21_1 Pin=F21-1
Added Pin To Net: NetName=NetF21_1 Pin=R85-1
Added Pin To Net: NetName=NetF21_1 Pin=R88-2
Added Net: Name=NetF21_1
Added Pin To Net: NetName=NetF21_2 Pin=F21-2
Added Pin To Net: NetName=NetF21_2 Pin=P2-9
Added Net: Name=NetF21_2
Added Pin To Net: NetName=NetF22_1 Pin=F22-1
Added Pin To Net: NetName=NetF22_1 Pin=R89-1
Added Pin To Net: NetName=NetF22_1 Pin=R92-2
Added Net: Name=NetF22_1
Added Pin To Net: NetName=NetF22_2 Pin=F22-2
Added Pin To Net: NetName=NetF22_2 Pin=P2-2
Added Net: Name=NetF22_2
Added Pin To Net: NetName=NetF23_1 Pin=F23-1
Added Pin To Net: NetName=NetF23_1 Pin=R90-1
Added Pin To Net: NetName=NetF23_1 Pin=R93-2
Added Net: Name=NetF23_1
Added Pin To Net: NetName=NetF23_2 Pin=F23-2
Added Pin To Net: NetName=NetF23_2 Pin=P2-6
Added Net: Name=NetF23_2
Added Pin To Net: NetName=NetF24_1 Pin=F24-1
Added Pin To Net: NetName=NetF24_1 Pin=R91-1
Added Pin To Net: NetName=NetF24_1 Pin=R94-2
Added Net: Name=NetF24_1
Added Pin To Net: NetName=NetF24_2 Pin=F24-2
Added Pin To Net: NetName=NetF24_2 Pin=P2-10
Added Net: Name=NetF24_2
Added Pin To Net: NetName=NetF25_1 Pin=F25-1
Added Pin To Net: NetName=NetF25_1 Pin=R95-1
Added Pin To Net: NetName=NetF25_1 Pin=R98-2
Added Net: Name=NetF25_1
Added Pin To Net: NetName=NetF25_2 Pin=F25-2
Added Pin To Net: NetName=NetF25_2 Pin=P2-3
Added Net: Name=NetF25_2
Added Pin To Net: NetName=NetF26_1 Pin=F26-1
Added Pin To Net: NetName=NetF26_1 Pin=R96-1
Added Pin To Net: NetName=NetF26_1 Pin=R99-2
Added Net: Name=NetF26_1
Added Pin To Net: NetName=NetF26_2 Pin=F26-2
Added Pin To Net: NetName=NetF26_2 Pin=P2-7
Added Net: Name=NetF26_2
Added Pin To Net: NetName=NetF27_1 Pin=F27-1
Added Pin To Net: NetName=NetF27_1 Pin=R97-1
Added Pin To Net: NetName=NetF27_1 Pin=R100-2
Added Net: Name=NetF27_1
Added Pin To Net: NetName=NetF27_2 Pin=F27-2
Added Pin To Net: NetName=NetF27_2 Pin=P2-11
Added Net: Name=NetF27_2
Added Pin To Net: NetName=NetF28_1 Pin=F28-1
Added Pin To Net: NetName=NetF28_1 Pin=R101-1
Added Pin To Net: NetName=NetF28_1 Pin=R104-2
Added Net: Name=NetF28_1
Added Pin To Net: NetName=NetF28_2 Pin=F28-2
Added Pin To Net: NetName=NetF28_2 Pin=P2-4
Added Net: Name=NetF28_2
Added Pin To Net: NetName=NetF29_1 Pin=F29-1
Added Pin To Net: NetName=NetF29_1 Pin=R102-1
Added Pin To Net: NetName=NetF29_1 Pin=R105-2
Added Net: Name=NetF29_1
Added Pin To Net: NetName=NetF29_2 Pin=F29-2
Added Pin To Net: NetName=NetF29_2 Pin=P2-8
Added Net: Name=NetF29_2
Added Pin To Net: NetName=NetF30_1 Pin=F30-1
Added Pin To Net: NetName=NetF30_1 Pin=R103-1
Added Pin To Net: NetName=NetF30_1 Pin=R106-2
Added Net: Name=NetF30_1
Added Pin To Net: NetName=NetF30_2 Pin=F30-2
Added Pin To Net: NetName=NetF30_2 Pin=P2-12
Added Net: Name=NetF30_2
Added Member To Class: ClassName=DSDADC Member=Component F9 0ZCH0150FF2E
Added Member To Class: ClassName=DSDADC Member=Component F10 0ZCH0150FF2E
Added Member To Class: ClassName=DSDADC Member=Component F11 0ZCH0150FF2E
Added Member To Class: ClassName=DSDADC Member=Component F12 0ZCH0150FF2E
Added Member To Class: ClassName=DSDADC Member=Component F13 0ZCH0150FF2E
Added Member To Class: ClassName=DSDADC Member=Component F14 0ZCH0150FF2E
Added Member To Class: ClassName=DSDADC Member=Component F15 0ZCH0150FF2E
Added Member To Class: ClassName=DSDADC Member=Component F16 0ZCH0150FF2E
Added Member To Class: ClassName=DSDADC Member=Component F17 0ZCH0150FF2E
Added Member To Class: ClassName=DSDADC Member=Component F18 0ZCH0150FF2E
Added Member To Class: ClassName=SDADC Member=Component F19 0ZCH0150FF2E
Added Member To Class: ClassName=SDADC Member=Component F20 0ZCH0150FF2E
Added Member To Class: ClassName=SDADC Member=Component F21 0ZCH0150FF2E
Added Member To Class: ClassName=SDADC Member=Component F22 0ZCH0150FF2E
Added Member To Class: ClassName=SDADC Member=Component F23 0ZCH0150FF2E
Added Member To Class: ClassName=SDADC Member=Component F24 0ZCH0150FF2E
Added Member To Class: ClassName=SDADC Member=Component F25 0ZCH0150FF2E
Added Member To Class: ClassName=SDADC Member=Component F26 0ZCH0150FF2E
Added Member To Class: ClassName=SDADC Member=Component F27 0ZCH0150FF2E
Added Member To Class: ClassName=SDADC Member=Component F28 0ZCH0150FF2E
Added Member To Class: ClassName=SDADC Member=Component F29 0ZCH0150FF2E
Added Member To Class: ClassName=SDADC Member=Component F30 0ZCH0150FF2E
