Removed Pin From Net: NetName=NetD3_3 Pin=D3-3
Removed Pin From Net: NetName=NetD3_3 Pin=R44-2
Removed Pin From Net: NetName=NetD11_3 Pin=U2-56
Removed Pin From Net: NetName=NetD9_3 Pin=U2-57
Removed Pin From Net: NetName=NetD6_3 Pin=U2-58
Add component: Footprint Not Found MountingHole_2.7mm_M2.5_DIN965_Pad
Add component: Footprint Not Found MountingHole_2.7mm_M2.5_DIN965_Pad
Add component: Footprint Not Found MountingHole_2.7mm_M2.5_DIN965_Pad
Add component: Footprint Not Found MountingHole_2.7mm_M2.5_DIN965_Pad
Add Pin To Net: Unknown Pin: Pin D24-1
Add Pin To Net: Unknown Pin: Pin D24-2
Add Pin To Net: Unknown Pin: Pin H1-1
Add Pin To Net: Unknown Pin: Pin H2-1
Add Pin To Net: Unknown Pin: Pin H3-1
Add Pin To Net: Unknown Pin: Pin H4-1
Added Pin To Net: NetName=NetD11_3 Pin=U2-55
Added Pin To Net: NetName=NetD9_3 Pin=U2-56
Added Pin To Net: NetName=NetD6_3 Pin=U2-57
Change Net Name : Old Net Name=NetD3_3 New Net Name=NetD10_3
Added Pin To Net: NetName=NetD3_3 Pin=D3-3
Added Pin To Net: NetName=NetD3_3 Pin=R44-2
Added Pin To Net: NetName=NetD3_3 Pin=U2-58
Added Net: Name=NetD3_3
Add Class Member: Failed to add class member : Component H1 MountingHole_Pad
Add Class Member: Failed to add class member : Component H2 MountingHole_Pad
Add Class Member: Failed to add class member : Component H3 MountingHole_Pad
Add Class Member: Failed to add class member : Component H4 MountingHole_Pad
