Added Component: Designator=C6(tu 0402)
Add component (AddParameter): Name = "Chung_Loai"; Value = "Dán"; VariantName = "[No Variations]"
Add component (AddParameter): Name = "Don_Vi"; Value = "Con"; VariantName = "[No Variations]"
Add component (AddParameter): Name = "Kieu_Chan"; Value = ""; VariantName = "[No Variations]"
Add component (AddParameter): Name = "Ma_Hang"; Value = "MH007853"; VariantName = "[No Variations]"
Add component (AddParameter): Name = "So_Chan"; Value = "2"; VariantName = "[No Variations]"
Add component (AddParameter): Name = "Ten_Linh_Kien"; Value = "T? 0402 33nF X7R 10V GRM155R71A333KA01D"; VariantName = "[No Variations]"
Add component: Footprint Not Found CAP_C_1608X80
Add component: Footprint Not Found CAP_C_1608X80
Add component: Footprint Not Found CAP_C_1608X80
Add component: Footprint Not Found CAP_C_1608X80
Add component: Footprint Not Found CAP_C_1608X80
Add component: Footprint Not Found CAP_C_1608X80
Add component: Footprint Not Found CAP_C_1608X80
Add component: Footprint Not Found CAP_C_1608X80
Add component: Footprint Not Found CAP_C_1608X80
Add component: Footprint Not Found CAP_MP_1608X90
Add component: Footprint Not Found CAP_MP_1608X90
Add component: Footprint Not Found CAP_C_1608X80
Add component: Footprint Not Found CAP_MP_2012X170
Add component: Footprint Not Found CAP_C_1608X80
Add component: Footprint Not Found CAP_C_1608X80
Add component: Footprint Not Found CAP_C_1608X80
Add component: Footprint Not Found CAP_C_1608X80
Add component: Footprint Not Found CAP_C_1608X80
Add component: Footprint Not Found CAP_C_1608X80
Add component: Footprint Not Found CAP_C_1608X80
Add component: Footprint Not Found CAP_C_1608X80
Add component: Footprint Not Found CAP_C_1608X80
Add component: Footprint Not Found CAP_C_1608X80
Add component: Footprint Not Found CAP_C_1608X80
Add component: Footprint Not Found CAP_C_1608X80
Add component: Footprint Not Found CAP_C_1608X80
Add component: Footprint Not Found CAP_C_1608X80
Add component: Footprint Not Found CAP_C_1608X80
Add component: Footprint Not Found CAP_C_1608X80
Add component: Footprint Not Found CAP_C_1608X80
Add component: Footprint Not Found CAP_C_1608X80
Add component: Footprint Not Found CAP_C_1608X80
Add component: Footprint Not Found CAP_C_1608X80
Add component: Footprint Not Found CAP_C_1608X80
Add component: Footprint Not Found CAP_C_1608X80
Add component: Footprint Not Found CAP_MP_1608X90
Add component: Footprint Not Found CAP_MP_1608X90
Add component: Footprint Not Found CAP_C_1608X80
Add component: Footprint Not Found CAP_C_1608X80
Add component: Footprint Not Found CAP_C_1608X80
Add component: Footprint Not Found CAP_C_1608X80
Add component: Footprint Not Found CAP_C_1608X80
Add component: Footprint Not Found CAP_C_1608X80
Add component: Footprint Not Found CAP_C_1608X80
Add component: Footprint Not Found CAP_C_1608X80
Add component: Footprint Not Found CAP_C_1608X80
Add component: Footprint Not Found CAP_C_1608X80
Add component: Footprint Not Found RES_C_1608X60
Add component: Footprint Not Found RES_C_1608X60
Add component: Footprint Not Found RES_C_1608X60
Add component: Footprint Not Found RES_C_1608X60
Add component: Footprint Not Found RES_C_1608X60
Add component: Footprint Not Found RES_C_1608X60
Add component: Footprint Not Found RES_C_1608X60
Add component: Footprint Not Found RES_C_1608X60
Add component: Footprint Not Found RES_C_1608X60
Add component: Footprint Not Found RES_C_1608X60
Add component: Footprint Not Found RES_C_1608X60
Add component: Footprint Not Found RES_C_1608X60
Add component: Footprint Not Found SOIC127P602X173-8N
Added Pin To Net: NetName=+3.3V Pin=C6-1
Added Pin To Net: NetName=GND Pin=C6-2
Add Pin To Net: Unknown Pin: Pin C7-1
Add Pin To Net: Unknown Pin: Pin C7-2
Add Pin To Net: Unknown Pin: Pin C8-1
Add Pin To Net: Unknown Pin: Pin C8-2
Add Pin To Net: Unknown Pin: Pin C9-1
Add Pin To Net: Unknown Pin: Pin C9-2
Add Pin To Net: Unknown Pin: Pin C10-1
Add Pin To Net: Unknown Pin: Pin C10-2
Add Pin To Net: Unknown Pin: Pin C11-1
Add Pin To Net: Unknown Pin: Pin C11-2
Add Pin To Net: Unknown Pin: Pin C12-1
Add Pin To Net: Unknown Pin: Pin C12-2
Add Pin To Net: Unknown Pin: Pin C13-2
Add Pin To Net: Unknown Pin: Pin C14-2
Add Pin To Net: Unknown Pin: Pin C15-1
Add Pin To Net: Unknown Pin: Pin C15-2
Add Pin To Net: Unknown Pin: Pin C16-1
Add Pin To Net: Unknown Pin: Pin C16-2
Add Pin To Net: Unknown Pin: Pin C17-1
Add Pin To Net: Unknown Pin: Pin C17-2
Add Pin To Net: Unknown Pin: Pin C18-2
Add Pin To Net: Unknown Pin: Pin C19-1
Add Pin To Net: Unknown Pin: Pin C19-2
Add Pin To Net: Unknown Pin: Pin C20-1
Add Pin To Net: Unknown Pin: Pin C20-2
Add Pin To Net: Unknown Pin: Pin C21-1
Add Pin To Net: Unknown Pin: Pin C21-2
Add Pin To Net: Unknown Pin: Pin C22-1
Add Pin To Net: Unknown Pin: Pin C22-2
Add Pin To Net: Unknown Pin: Pin C23-1
Add Pin To Net: Unknown Pin: Pin C23-2
Add Pin To Net: Unknown Pin: Pin C24-1
Add Pin To Net: Unknown Pin: Pin C24-2
Add Pin To Net: Unknown Pin: Pin C25-1
Add Pin To Net: Unknown Pin: Pin C25-2
Add Pin To Net: Unknown Pin: Pin C26-1
Add Pin To Net: Unknown Pin: Pin C26-2
Add Pin To Net: Unknown Pin: Pin C27-1
Add Pin To Net: Unknown Pin: Pin C27-2
Add Pin To Net: Unknown Pin: Pin C28-1
Add Pin To Net: Unknown Pin: Pin C28-2
Add Pin To Net: Unknown Pin: Pin C29-1
Add Pin To Net: Unknown Pin: Pin C29-2
Add Pin To Net: Unknown Pin: Pin C30-1
Add Pin To Net: Unknown Pin: Pin C30-2
Add Pin To Net: Unknown Pin: Pin C31-1
Add Pin To Net: Unknown Pin: Pin C31-2
Add Pin To Net: Unknown Pin: Pin C32-1
Add Pin To Net: Unknown Pin: Pin C32-2
Add Pin To Net: Unknown Pin: Pin C33-1
Add Pin To Net: Unknown Pin: Pin C33-2
Add Pin To Net: Unknown Pin: Pin C36-1
Add Pin To Net: Unknown Pin: Pin C36-2
Add Pin To Net: Unknown Pin: Pin C37-1
Add Pin To Net: Unknown Pin: Pin C37-2
Add Pin To Net: Unknown Pin: Pin C38-1
Add Pin To Net: Unknown Pin: Pin C38-2
Add Pin To Net: Unknown Pin: Pin C39-1
Add Pin To Net: Unknown Pin: Pin C39-2
Add Pin To Net: Unknown Pin: Pin C40-1
Add Pin To Net: Unknown Pin: Pin C40-2
Add Pin To Net: Unknown Pin: Pin C41-1
Add Pin To Net: Unknown Pin: Pin C41-2
Add Pin To Net: Unknown Pin: Pin C42-1
Add Pin To Net: Unknown Pin: Pin C42-2
Add Pin To Net: Unknown Pin: Pin C43-1
Add Pin To Net: Unknown Pin: Pin C43-2
Add Pin To Net: Unknown Pin: Pin C44-1
Add Pin To Net: Unknown Pin: Pin C44-2
Add Pin To Net: Unknown Pin: Pin C45-1
Add Pin To Net: Unknown Pin: Pin C45-2
Add Pin To Net: Unknown Pin: Pin C46-1
Add Pin To Net: Unknown Pin: Pin C46-2
Add Pin To Net: Unknown Pin: Pin C47-1
Add Pin To Net: Unknown Pin: Pin C47-2
Add Pin To Net: Unknown Pin: Pin C48-1
Add Pin To Net: Unknown Pin: Pin C48-2
Add Pin To Net: Unknown Pin: Pin C49-1
Add Pin To Net: Unknown Pin: Pin C49-2
Add Pin To Net: Unknown Pin: Pin C50-1
Add Pin To Net: Unknown Pin: Pin C50-2
Add Pin To Net: Unknown Pin: Pin C51-1
Add Pin To Net: Unknown Pin: Pin C51-2
Add Pin To Net: Unknown Pin: Pin C52-1
Add Pin To Net: Unknown Pin: Pin C52-2
Add Pin To Net: Unknown Pin: Pin C53-1
Add Pin To Net: Unknown Pin: Pin C53-2
Add Pin To Net: Unknown Pin: Pin C54-1
Add Pin To Net: Unknown Pin: Pin C54-2
Add Pin To Net: Unknown Pin: Pin C55-1
Add Pin To Net: Unknown Pin: Pin C55-2
Add Pin To Net: Unknown Pin: Pin L1-1
Add Pin To Net: Unknown Pin: Pin L1-2
Add Pin To Net: Unknown Pin: Pin R8-2
Add Pin To Net: Unknown Pin: Pin R9-2
Add Pin To Net: Unknown Pin: Pin R10-2
Add Pin To Net: Unknown Pin: Pin R11-2
Add Pin To Net: Unknown Pin: Pin R12-2
Add Pin To Net: Unknown Pin: Pin R13-2
Add Pin To Net: Unknown Pin: Pin R14-1
Add Pin To Net: Unknown Pin: Pin R14-2
Add Pin To Net: Unknown Pin: Pin R15-1
Add Pin To Net: Unknown Pin: Pin R15-2
Add Pin To Net: Unknown Pin: Pin R16-1
Add Pin To Net: Unknown Pin: Pin R16-2
Add Pin To Net: Unknown Pin: Pin R17-1
Add Pin To Net: Unknown Pin: Pin R17-2
Add Pin To Net: Unknown Pin: Pin R18-1
Add Pin To Net: Unknown Pin: Pin R18-2
Add Pin To Net: Unknown Pin: Pin U5-E4
Add Pin To Net: Unknown Pin: Pin U5-F2
Add Pin To Net: Unknown Pin: Pin U5-F3
Add Pin To Net: Unknown Pin: Pin U5-F4
Add Pin To Net: Unknown Pin: Pin U5-F5
Add Pin To Net: Unknown Pin: Pin U5-F6
Add Pin To Net: Unknown Pin: Pin U5-F7
Add Pin To Net: Unknown Pin: Pin U5-F8
Add Pin To Net: Unknown Pin: Pin U5-F9
Add Pin To Net: Unknown Pin: Pin U5-G2
Add Pin To Net: Unknown Pin: Pin U5-G3
Add Pin To Net: Unknown Pin: Pin U5-G4
Add Pin To Net: Unknown Pin: Pin U5-G5
Add Pin To Net: Unknown Pin: Pin U5-G6
Add Pin To Net: Unknown Pin: Pin U5-G7
Add Pin To Net: Unknown Pin: Pin U5-G8
Add Pin To Net: Unknown Pin: Pin U5-G9
Add Pin To Net: Unknown Pin: Pin U5-H2
Add Pin To Net: Unknown Pin: Pin U5-H3
Add Pin To Net: Unknown Pin: Pin U5-H8
Add Pin To Net: Unknown Pin: Pin U5-H9
Add Pin To Net: Unknown Pin: Pin U5-J5
Add Pin To Net: Unknown Pin: Pin U5-L2
Add Pin To Net: Unknown Pin: Pin U5-L3
Add Pin To Net: Unknown Pin: Pin U5-L4
Add Pin To Net: Unknown Pin: Pin U5-L7
Add Pin To Net: Unknown Pin: Pin U5-L8
Add Pin To Net: Unknown Pin: Pin U5-L9
Add Pin To Net: Unknown Pin: Pin U5-M4
Add Pin To Net: Unknown Pin: Pin U5-M5
Add Pin To Net: Unknown Pin: Pin U5-M7
Add Pin To Net: Unknown Pin: Pin U5-P2
Add Pin To Net: Unknown Pin: Pin U5-P3
Add Pin To Net: Unknown Pin: Pin U5-P8
Add Pin To Net: Unknown Pin: Pin U5-P9
Add Pin To Net: Unknown Pin: Pin U6-1
Add Pin To Net: Unknown Pin: Pin U6-2
Add Pin To Net: Unknown Pin: Pin U6-3
Add Pin To Net: Unknown Pin: Pin U6-4
Add Pin To Net: Unknown Pin: Pin U6-8
Added Member To Class: ClassName=ISO_UARTc Member=Component C6 0.1uF/6.3V
Add Class Member: Failed to add class member : Component C7 0.1uF/6.3V
Add Class Member: Failed to add class member : Component C8 0.1uF/6.3V
Add Class Member: Failed to add class member : Component C9 0.1uF/6.3V
Add Class Member: Failed to add class member : Component C10 0.1uF/6.3V
Add Class Member: Failed to add class member : Component C11 0.1uF/6.3V
Add Class Member: Failed to add class member : Component C12 0.1uF/6.3V
Add Class Member: Failed to add class member : Component C13 4.7uF/6.3V
Add Class Member: Failed to add class member : Component C14 4.7uF/6.3V
Add Class Member: Failed to add class member : Component C15 0.1uF/6.3V
Add Class Member: Failed to add class member : Component C16 4.7uF/6.3V
Add Class Member: Failed to add class member : Component C17 4.7uF/6.3V
Add Class Member: Failed to add class member : Component C18 4.7uF/6.3V
Add Class Member: Failed to add class member : Component C19 10uF/6.3V
Add Class Member: Failed to add class member : Component C20 0.1uF/6.3V
Add Class Member: Failed to add class member : Component C21 0.1uF/6.3V
Add Class Member: Failed to add class member : Component C22 0.1uF/6.3V
Add Class Member: Failed to add class member : Component C23 0.1uF/6.3V
Add Class Member: Failed to add class member : Component C24 0.1uF/6.3V
Add Class Member: Failed to add class member : Component C25 0.1uF/6.3V
Add Class Member: Failed to add class member : Component C26 0.1uF/6.3V
Add Class Member: Failed to add class member : Component C27 0.1uF/6.3V
Add Class Member: Failed to add class member : Component C28 0.1uF/6.3V
Add Class Member: Failed to add class member : Component C29 0.1uF/6.3V
Add Class Member: Failed to add class member : Component C30 0.1uF/6.3V
Add Class Member: Failed to add class member : Component C31 0.1uF/6.3V
Add Class Member: Failed to add class member : Component C32 16pF/6.3V
Add Class Member: Failed to add class member : Component C33 16pF/6.3V
Add Class Member: Failed to add class member : Component C36 0.1uF/6.3V
Add Class Member: Failed to add class member : Component C37 0.1uF/6.3V
Add Class Member: Failed to add class member : Component C38 0.1uF/6.3V
Add Class Member: Failed to add class member : Component C39 0.1uF/6.3V
Add Class Member: Failed to add class member : Component C40 0.1uF/6.3V
Add Class Member: Failed to add class member : Component C41 0.1uF/6.3V
Add Class Member: Failed to add class member : Component C42 0.1uF/6.3V
Add Class Member: Failed to add class member : Component C43 0.1uF/6.3V
Add Class Member: Failed to add class member : Component C44 4.7uF/6.3V
Add Class Member: Failed to add class member : Component C45 4.7uF/6.3V
Add Class Member: Failed to add class member : Component C46 0.1uF/6.3V
Add Class Member: Failed to add class member : Component C47 0.1uF/6.3V
Add Class Member: Failed to add class member : Component C48 0.1uF/6.3V
Add Class Member: Failed to add class member : Component C49 16pF/6.3V
Add Class Member: Failed to add class member : Component C50 16pF/6.3V
Add Class Member: Failed to add class member : Component C51 0.1uF/6.3V
Add Class Member: Failed to add class member : Component C52 0.1uF/6.3V
Add Class Member: Failed to add class member : Component C53 0.1uF/6.3V
Add Class Member: Failed to add class member : Component C54 0.1uF/6.3V
Add Class Member: Failed to add class member : Component C55 0.1uF/6.3V
Add Class Member: Failed to add class member : Component L1 10uH/250mA
Add Class Member: Failed to add class member : Component R8 10k
Add Class Member: Failed to add class member : Component R9 10k
Add Class Member: Failed to add class member : Component R10 10k
Add Class Member: Failed to add class member : Component R11 10k
Add Class Member: Failed to add class member : Component R12 10k
Add Class Member: Failed to add class member : Component R13 10k
Add Class Member: Failed to add class member : Component R14 4.7k
Add Class Member: Failed to add class member : Component R15 22R
Add Class Member: Failed to add class member : Component R16 22R
Add Class Member: Failed to add class member : Component R17 10k
Add Class Member: Failed to add class member : Component R18 4.7k
Add Class Member: Failed to add class member : Component U5 MTFC32GAZAQDW-AAT
Add Class Member: Failed to add class member : Component U6 OPA2340UA
