Change Component Description : Designator=F19 Old Description=1210 SMT PPTC New Description=1210 SMT PPTC | 1.50 Ih | 6V
Change Component Description : Designator=F20 Old Description=1210 SMT PPTC New Description=1210 SMT PPTC | 1.50 Ih | 6V
Change Component Description : Designator=F21 Old Description=1210 SMT PPTC New Description=1210 SMT PPTC | 1.50 Ih | 6V
Change Component Description : Designator=F22 Old Description=1210 SMT PPTC New Description=1210 SMT PPTC | 1.50 Ih | 6V
Change Component Description : Designator=F23 Old Description=1210 SMT PPTC New Description=1210 SMT PPTC | 1.50 Ih | 6V
Change Component Description : Designator=F24 Old Description=1210 SMT PPTC New Description=1210 SMT PPTC | 1.50 Ih | 6V
Change Component Description : Designator=F25 Old Description=1210 SMT PPTC New Description=1210 SMT PPTC | 1.50 Ih | 6V
Change Component Description : Designator=F26 Old Description=1210 SMT PPTC New Description=1210 SMT PPTC | 1.50 Ih | 6V
Change Component Description : Designator=F28 Old Description=1210 SMT PPTC New Description=1210 SMT PPTC | 1.50 Ih | 6V
Change Component Description : Designator=F29 Old Description=1210 SMT PPTC New Description=1210 SMT PPTC | 1.50 Ih | 6V
Add component: Footprint Not Found MountingHole_2.7mm_M2.5_DIN965_Pad
Add component: Footprint Not Found MountingHole_2.7mm_M2.5_DIN965_Pad
Add component: Footprint Not Found MountingHole_2.7mm_M2.5_DIN965_Pad
Add component: Footprint Not Found MountingHole_2.7mm_M2.5_DIN965_Pad
Add Pin To Net: Unknown Pin: Pin D24-1
Add Pin To Net: Unknown Pin: Pin D24-2
Add Pin To Net: Unknown Pin: Pin H1-1
Add Pin To Net: Unknown Pin: Pin H2-1
Add Pin To Net: Unknown Pin: Pin H3-1
Add Pin To Net: Unknown Pin: Pin H4-1
Change Net Name : Old Net Name=NetC33_1 New Net Name=VDC
Add Class Member: Failed to add class member : Component H1 MountingHole_Pad
Add Class Member: Failed to add class member : Component H2 MountingHole_Pad
Add Class Member: Failed to add class member : Component H3 MountingHole_Pad
Add Class Member: Failed to add class member : Component H4 MountingHole_Pad
