Add component: Footprint Not Found CAP_MP_1608X90
Add component: Footprint Not Found CAP_MP_1608X90
Add component: Footprint Not Found CAP_MP_2012X170
Add component: Footprint Not Found CAP_MP_1608X90
Add component: Footprint Not Found CAP_MP_1608X90
Add component: Footprint Not Found RES_C_1608X60
Add Pin To Net: Unknown Pin: Pin C16-1
Add Pin To Net: Unknown Pin: Pin C16-2
Add Pin To Net: Unknown Pin: Pin C17-1
Add Pin To Net: Unknown Pin: Pin C17-2
Add Pin To Net: Unknown Pin: Pin C19-1
Add Pin To Net: Unknown Pin: Pin C19-2
Add Pin To Net: Unknown Pin: Pin C44-1
Add Pin To Net: Unknown Pin: Pin C44-2
Add Pin To Net: Unknown Pin: Pin C45-1
Add Pin To Net: Unknown Pin: Pin C45-2
Add Pin To Net: Unknown Pin: Pin L1-1
Add Pin To Net: Unknown Pin: Pin L1-2
Add Pin To Net: Unknown Pin: Pin U5-E4
Add Pin To Net: Unknown Pin: Pin U5-F2
Add Pin To Net: Unknown Pin: Pin U5-F3
Add Pin To Net: Unknown Pin: Pin U5-F4
Add Pin To Net: Unknown Pin: Pin U5-F5
Add Pin To Net: Unknown Pin: Pin U5-F6
Add Pin To Net: Unknown Pin: Pin U5-F7
Add Pin To Net: Unknown Pin: Pin U5-F8
Add Pin To Net: Unknown Pin: Pin U5-F9
Add Pin To Net: Unknown Pin: Pin U5-G2
Add Pin To Net: Unknown Pin: Pin U5-G3
Add Pin To Net: Unknown Pin: Pin U5-G4
Add Pin To Net: Unknown Pin: Pin U5-G5
Add Pin To Net: Unknown Pin: Pin U5-G6
Add Pin To Net: Unknown Pin: Pin U5-G7
Add Pin To Net: Unknown Pin: Pin U5-G8
Add Pin To Net: Unknown Pin: Pin U5-G9
Add Pin To Net: Unknown Pin: Pin U5-H2
Add Pin To Net: Unknown Pin: Pin U5-H3
Add Pin To Net: Unknown Pin: Pin U5-H8
Add Pin To Net: Unknown Pin: Pin U5-H9
Add Pin To Net: Unknown Pin: Pin U5-J5
Add Pin To Net: Unknown Pin: Pin U5-L2
Add Pin To Net: Unknown Pin: Pin U5-L3
Add Pin To Net: Unknown Pin: Pin U5-L4
Add Pin To Net: Unknown Pin: Pin U5-L7
Add Pin To Net: Unknown Pin: Pin U5-L8
Add Pin To Net: Unknown Pin: Pin U5-L9
Add Pin To Net: Unknown Pin: Pin U5-M4
Add Pin To Net: Unknown Pin: Pin U5-M5
Add Pin To Net: Unknown Pin: Pin U5-M7
Add Pin To Net: Unknown Pin: Pin U5-P2
Add Pin To Net: Unknown Pin: Pin U5-P3
Add Pin To Net: Unknown Pin: Pin U5-P8
Add Pin To Net: Unknown Pin: Pin U5-P9
Add Class Member: Failed to add class member : Component C16 4.7uF/6.3V
Add Class Member: Failed to add class member : Component C17 4.7uF/6.3V
Add Class Member: Failed to add class member : Component C19 10uF/6.3V
Add Class Member: Failed to add class member : Component C44 4.7uF/6.3V
Add Class Member: Failed to add class member : Component C45 4.7uF/6.3V
Add Class Member: Failed to add class member : Component L1 10uH/250mA
