Change Component Footprint: Designator=P9 Old Footprint=HDR/Header/2 New Footprint=HDR/Terminal/2
Change Component Footprint: Designator=P10 Old Footprint=HDR/Header/4/BOX/SMD New Footprint=HDR/Terminal/4
Change Component Footprint: Designator=P4 Old Footprint=HDR/Header/5 New Footprint=HDR/Terminal/5/RA
Change Component Footprint: Designator=P2 Old Footprint=HDR/Header/6 New Footprint=HDR/Terminal/6
Change Component Footprint: Designator=P3 Old Footprint=HDR/Header/6 New Footprint=HDR/Terminal/6
Change Component Footprint: Designator=P6 Old Footprint=HDR/Header/6 New Footprint=HDR/Terminal/6
Change Component Footprint: Designator=P11 Old Footprint=HDR/Header/6 New Footprint=HDR/Terminal/6
Add component: Footprint Not Found MountingHole_2.7mm_M2.5_DIN965_Pad
Add component: Footprint Not Found MountingHole_2.7mm_M2.5_DIN965_Pad
Add component: Footprint Not Found MountingHole_2.7mm_M2.5_DIN965_Pad
Add component: Footprint Not Found MountingHole_2.7mm_M2.5_DIN965_Pad
Add Pin To Net: Unknown Pin: Pin D24-1
Add Pin To Net: Unknown Pin: Pin D24-2
Add Pin To Net: Unknown Pin: Pin H1-1
Add Pin To Net: Unknown Pin: Pin H2-1
Add Pin To Net: Unknown Pin: Pin H3-1
Add Pin To Net: Unknown Pin: Pin H4-1
Add Class Member: Failed to add class member : Component H1 MountingHole_Pad
Add Class Member: Failed to add class member : Component H2 MountingHole_Pad
Add Class Member: Failed to add class member : Component H3 MountingHole_Pad
Add Class Member: Failed to add class member : Component H4 MountingHole_Pad
Added Member To Class: ClassName=STM32_PLC Member=Component P2 Screw_terminal 1x6
Added Member To Class: ClassName=STM32_PLC Member=Component P3 Screw_terminal 1x6
Added Member To Class: ClassName=STM32_PLC Member=Component P4 Screw_terminal 1x6
Added Member To Class: ClassName=STM32_PLC Member=Component P6 Screw_terminal 1x6
