Change Component Footprint: Designator=U5 Old Footprint=21-0055Q_E16MS+1F_MXM New Footprint=SOIC127P602X173-8N - duplicate
Add Pin To Net: Unknown Pin: Pin U5-E4
Add Pin To Net: Unknown Pin: Pin U5-F2
Add Pin To Net: Unknown Pin: Pin U5-F3
Add Pin To Net: Unknown Pin: Pin U5-F4
Add Pin To Net: Unknown Pin: Pin U5-F5
Add Pin To Net: Unknown Pin: Pin U5-F6
Add Pin To Net: Unknown Pin: Pin U5-F7
Add Pin To Net: Unknown Pin: Pin U5-F8
Add Pin To Net: Unknown Pin: Pin U5-F9
Add Pin To Net: Unknown Pin: Pin U5-G2
Add Pin To Net: Unknown Pin: Pin U5-G3
Add Pin To Net: Unknown Pin: Pin U5-G4
Add Pin To Net: Unknown Pin: Pin U5-G5
Add Pin To Net: Unknown Pin: Pin U5-G6
Add Pin To Net: Unknown Pin: Pin U5-G7
Add Pin To Net: Unknown Pin: Pin U5-G8
Add Pin To Net: Unknown Pin: Pin U5-G9
Add Pin To Net: Unknown Pin: Pin U5-H2
Add Pin To Net: Unknown Pin: Pin U5-H3
Add Pin To Net: Unknown Pin: Pin U5-H8
Add Pin To Net: Unknown Pin: Pin U5-H9
Add Pin To Net: Unknown Pin: Pin U5-J5
Add Pin To Net: Unknown Pin: Pin U5-L2
Add Pin To Net: Unknown Pin: Pin U5-L3
Add Pin To Net: Unknown Pin: Pin U5-L4
Add Pin To Net: Unknown Pin: Pin U5-L7
Add Pin To Net: Unknown Pin: Pin U5-L8
Add Pin To Net: Unknown Pin: Pin U5-L9
Add Pin To Net: Unknown Pin: Pin U5-M4
Add Pin To Net: Unknown Pin: Pin U5-M5
Add Pin To Net: Unknown Pin: Pin U5-M7
Add Pin To Net: Unknown Pin: Pin U5-P2
Add Pin To Net: Unknown Pin: Pin U5-P3
Add Pin To Net: Unknown Pin: Pin U5-P8
Add Pin To Net: Unknown Pin: Pin U5-P9
