Removed Pin From Net: NetName=NetF19_2 Pin=P2-1
Removed Pin From Net: NetName=NetF22_2 Pin=P2-2
Removed Pin From Net: NetName=NetF25_2 Pin=P2-3
Removed Pin From Net: NetName=NetF28_2 Pin=P2-4
Removed Pin From Net: NetName=NetF20_2 Pin=P2-5
Removed Pin From Net: NetName=NetF23_2 Pin=P2-6
Removed Pin From Net: NetName=NetF26_2 Pin=P2-7
Removed Pin From Net: NetName=NetF29_2 Pin=P2-8
Removed Pin From Net: NetName=NetF21_2 Pin=P2-9
Removed Pin From Net: NetName=NetF24_2 Pin=P2-10
Removed Pin From Net: NetName=NetF27_2 Pin=P2-11
Removed Pin From Net: NetName=NetF30_2 Pin=P2-12
Removed Pin From Net: NetName=NetC33_1 Pin=P2-13
Removed Pin From Net: NetName=GND Pin=P2-14
Removed Pin From Net: NetName=NetP4_1 Pin=P4-1
Removed Pin From Net: NetName=NetF1_1 Pin=P4-2
Removed Pin From Net: NetName=NetF5_1 Pin=P4-3
Removed Pin From Net: NetName=NetF8_1 Pin=P4-4
Removed Pin From Net: NetName=NetF4_1 Pin=P4-5
Removed Pin From Net: NetName=NetF7_1 Pin=P4-6
Removed Pin From Net: NetName=NetF3_1 Pin=P4-7
Removed Pin From Net: NetName=NetF2_1 Pin=P4-8
Removed Pin From Net: NetName=NetF6_1 Pin=P4-9
Removed Pin From Net: NetName=NetP6_1 Pin=P6-1
Removed Pin From Net: NetName=NetP6_2 Pin=P6-2
Removed Pin From Net: NetName=NetP6_3 Pin=P6-3
Removed Pin From Net: NetName=NetP6_4 Pin=P6-4
Removed Pin From Net: NetName=NetP6_5 Pin=P6-5
Removed Pin From Net: NetName=NetP6_6 Pin=P6-6
Removed Pin From Net: NetName=NetP6_7 Pin=P6-7
Removed Pin From Net: NetName=NetP6_8 Pin=P6-8
Removed Pin From Net: NetName=NetP6_9 Pin=P6-9
Add component: Footprint Not Found MountingHole_2.7mm_M2.5_DIN965_Pad
Add component: Footprint Not Found MountingHole_2.7mm_M2.5_DIN965_Pad
Add component: Footprint Not Found MountingHole_2.7mm_M2.5_DIN965_Pad
Add component: Footprint Not Found MountingHole_2.7mm_M2.5_DIN965_Pad
Added Component: Designator=P2(HDR/Header/6)
Add component (AddParameter): Name = "BRAND"; Value = ""; VariantName = "[No Variations]"
Add component (AddParameter): Name = "PACKAGE"; Value = ""; VariantName = "[No Variations]"
Add component (AddParameter): Name = "PART NO"; Value = ""; VariantName = "[No Variations]"
Add component (AddParameter): Name = "STOCK CODE"; Value = ""; VariantName = "[No Variations]"
Add component (AddParameter): Name = "SUPPLIER"; Value = ""; VariantName = "[No Variations]"
Add component (AddParameter): Name = "TYPE"; Value = ""; VariantName = "[No Variations]"
Added Component: Designator=P3(HDR/Header/6)
Add component (AddParameter): Name = "BRAND"; Value = ""; VariantName = "[No Variations]"
Add component (AddParameter): Name = "PACKAGE"; Value = ""; VariantName = "[No Variations]"
Add component (AddParameter): Name = "PART NO"; Value = ""; VariantName = "[No Variations]"
Add component (AddParameter): Name = "STOCK CODE"; Value = ""; VariantName = "[No Variations]"
Add component (AddParameter): Name = "SUPPLIER"; Value = ""; VariantName = "[No Variations]"
Add component (AddParameter): Name = "TYPE"; Value = ""; VariantName = "[No Variations]"
Added Component: Designator=P4(HDR/Header/5)
Add component (AddParameter): Name = "BRAND"; Value = ""; VariantName = "[No Variations]"
Add component (AddParameter): Name = "PACKAGE"; Value = ""; VariantName = "[No Variations]"
Add component (AddParameter): Name = "PART NO"; Value = ""; VariantName = "[No Variations]"
Add component (AddParameter): Name = "STOCK CODE"; Value = ""; VariantName = "[No Variations]"
Add component (AddParameter): Name = "SUPPLIER"; Value = ""; VariantName = "[No Variations]"
Add component (AddParameter): Name = "TYPE"; Value = ""; VariantName = "[No Variations]"
Added Component: Designator=P6(HDR/Header/6)
Add component (AddParameter): Name = "BRAND"; Value = ""; VariantName = "[No Variations]"
Add component (AddParameter): Name = "PACKAGE"; Value = ""; VariantName = "[No Variations]"
Add component (AddParameter): Name = "PART NO"; Value = ""; VariantName = "[No Variations]"
Add component (AddParameter): Name = "STOCK CODE"; Value = ""; VariantName = "[No Variations]"
Add component (AddParameter): Name = "SUPPLIER"; Value = ""; VariantName = "[No Variations]"
Add component (AddParameter): Name = "TYPE"; Value = ""; VariantName = "[No Variations]"
Added Component: Designator=P9(HDR/Header/2)
Add component (AddParameter): Name = "BRAND"; Value = ""; VariantName = "[No Variations]"
Add component (AddParameter): Name = "PACKAGE"; Value = ""; VariantName = "[No Variations]"
Add component (AddParameter): Name = "PART NO"; Value = ""; VariantName = "[No Variations]"
Add component (AddParameter): Name = "STOCK CODE"; Value = ""; VariantName = "[No Variations]"
Add component (AddParameter): Name = "SUPPLIER"; Value = ""; VariantName = "[No Variations]"
Add component (AddParameter): Name = "TYPE"; Value = ""; VariantName = "[No Variations]"
Added Component: Designator=P10(HDR/Header/4/BOX/SMD)
Add component (AddParameter): Name = "BRAND"; Value = ""; VariantName = "[No Variations]"
Add component (AddParameter): Name = "PACKAGE"; Value = ""; VariantName = "[No Variations]"
Add component (AddParameter): Name = "PART NO"; Value = ""; VariantName = "[No Variations]"
Add component (AddParameter): Name = "STOCK CODE"; Value = ""; VariantName = "[No Variations]"
Add component (AddParameter): Name = "SUPPLIER"; Value = ""; VariantName = "[No Variations]"
Add component (AddParameter): Name = "TYPE"; Value = ""; VariantName = "[No Variations]"
Added Component: Designator=P11(HDR/Header/6)
Add component (AddParameter): Name = "BRAND"; Value = ""; VariantName = "[No Variations]"
Add component (AddParameter): Name = "PACKAGE"; Value = ""; VariantName = "[No Variations]"
Add component (AddParameter): Name = "PART NO"; Value = ""; VariantName = "[No Variations]"
Add component (AddParameter): Name = "STOCK CODE"; Value = ""; VariantName = "[No Variations]"
Add component (AddParameter): Name = "SUPPLIER"; Value = ""; VariantName = "[No Variations]"
Add component (AddParameter): Name = "TYPE"; Value = ""; VariantName = "[No Variations]"
Add Pin To Net: Unknown Pin: Pin D24-1
Add Pin To Net: Unknown Pin: Pin D24-2
Add Pin To Net: Unknown Pin: Pin H1-1
Add Pin To Net: Unknown Pin: Pin H2-1
Add Pin To Net: Unknown Pin: Pin H3-1
Add Pin To Net: Unknown Pin: Pin H4-1
Added Pin To Net: NetName=NetF19_2 Pin=P2-1
Added Pin To Net: NetName=NetF22_2 Pin=P2-2
Added Pin To Net: NetName=NetF25_2 Pin=P2-3
Added Pin To Net: NetName=NetF28_2 Pin=P2-4
Added Pin To Net: NetName=NetF20_2 Pin=P2-5
Added Pin To Net: NetName=NetF23_2 Pin=P2-6
Added Pin To Net: NetName=NetF26_2 Pin=P3-1
Added Pin To Net: NetName=NetF29_2 Pin=P3-2
Added Pin To Net: NetName=NetF21_2 Pin=P3-3
Added Pin To Net: NetName=NetF24_2 Pin=P3-4
Added Pin To Net: NetName=NetF27_2 Pin=P3-5
Added Pin To Net: NetName=NetF30_2 Pin=P3-6
Added Pin To Net: NetName=NetC33_1 Pin=P4-1
Added Pin To Net: NetName=GND Pin=P4-2
Added Pin To Net: NetName=NetF6_1 Pin=P6-1
Added Pin To Net: NetName=NetF2_1 Pin=P6-2
Added Pin To Net: NetName=NetF3_1 Pin=P6-3
Added Pin To Net: NetName=NetF7_1 Pin=P6-4
Added Pin To Net: NetName=NetF4_1 Pin=P6-5
Added Pin To Net: NetName=NetF8_1 Pin=P6-6
Added Pin To Net: NetName=NetF5_1 Pin=P9-1
Added Pin To Net: NetName=NetF1_1 Pin=P9-2
Added Pin To Net: NetName=NetP4_1 Pin=P10-1
Added Pin To Net: NetName=NetP6_9 Pin=P10-2
Added Pin To Net: NetName=NetP6_8 Pin=P10-3
Added Pin To Net: NetName=NetP6_7 Pin=P10-4
Added Pin To Net: NetName=NetP6_6 Pin=P11-1
Added Pin To Net: NetName=NetP6_5 Pin=P11-2
Added Pin To Net: NetName=NetP6_4 Pin=P11-3
Added Pin To Net: NetName=NetP6_3 Pin=P11-4
Added Pin To Net: NetName=NetP6_2 Pin=P11-5
Added Pin To Net: NetName=NetP6_1 Pin=P11-6
Change Net Name : Old Net Name=NetP4_1 New Net Name=NetP10_1
Change Net Name : Old Net Name=NetP6_1 New Net Name=NetP11_6
Change Net Name : Old Net Name=NetP6_2 New Net Name=NetP11_5
Change Net Name : Old Net Name=NetP6_3 New Net Name=NetP11_4
Change Net Name : Old Net Name=NetP6_4 New Net Name=NetP11_3
Change Net Name : Old Net Name=NetP6_5 New Net Name=NetP11_2
Change Net Name : Old Net Name=NetP6_6 New Net Name=NetP11_1
Change Net Name : Old Net Name=NetP6_7 New Net Name=NetP10_4
Change Net Name : Old Net Name=NetP6_8 New Net Name=NetP10_3
Change Net Name : Old Net Name=NetP6_9 New Net Name=NetP10_2
Added Pin To Net: NetName=NetP4_3 Pin=P4-3
Added Pin To Net: NetName=NetP4_3 Pin=R110-1
Added Pin To Net: NetName=NetP4_3 Pin=R116-1
Added Net: Name=NetP4_3
Added Pin To Net: NetName=NetP4_4 Pin=P4-4
Added Pin To Net: NetName=NetP4_4 Pin=R118-1
Added Pin To Net: NetName=NetP4_4 Pin=R121-1
Added Net: Name=NetP4_4
Added Pin To Net: NetName=NetP4_5 Pin=P4-5
Added Pin To Net: NetName=NetP4_5 Pin=R109-1
Added Pin To Net: NetName=NetP4_5 Pin=R114-1
Added Net: Name=NetP4_5
Add Class Member: Failed to add class member : Component H1 MountingHole_Pad
Add Class Member: Failed to add class member : Component H2 MountingHole_Pad
Add Class Member: Failed to add class member : Component H3 MountingHole_Pad
Add Class Member: Failed to add class member : Component H4 MountingHole_Pad
Added Member To Class: ClassName=STM32_PLC Member=Component P9 Screw_terminal 1x2
Added Member To Class: ClassName=STM32_PLC Member=Component P10 Screw_terminal 1x4
Added Member To Class: ClassName=STM32_PLC Member=Component P11 Screw_terminal 1x6
