Removed Pin From Net: NetName=GND Pin=S1-1A
Removed Pin From Net: NetName=NetP10_1 Pin=S1-1B
Removed Pin From Net: NetName=GND Pin=S1-2A
Removed Pin From Net: NetName=NetP10_2 Pin=S1-2B
Removed Pin From Net: NetName=GND Pin=S1-3A
Removed Pin From Net: NetName=NetP10_3 Pin=S1-3B
Removed Pin From Net: NetName=GND Pin=S1-4A
Removed Pin From Net: NetName=NetP10_4 Pin=S1-4B
Removed Pin From Net: NetName=GND Pin=S1-5A
Removed Pin From Net: NetName=NetP11_1 Pin=S1-5B
Removed Pin From Net: NetName=GND Pin=S1-6A
Removed Pin From Net: NetName=NetP11_2 Pin=S1-6B
Removed Pin From Net: NetName=GND Pin=S1-7A
Removed Pin From Net: NetName=NetP11_3 Pin=S1-7B
Removed Pin From Net: NetName=GND Pin=S1-8A
Removed Pin From Net: NetName=NetP11_4 Pin=S1-8B
Removed Pin From Net: NetName=GND Pin=S1-9A
Removed Pin From Net: NetName=NetP11_5 Pin=S1-9B
Removed Pin From Net: NetName=GND Pin=S1-10A
Removed Pin From Net: NetName=NetP11_6 Pin=S1-10B
Removed Member From Class: ClassName=INPUT Member=S1
Add component: Footprint Not Found MountingHole_2.7mm_M2.5_DIN965_Pad
Add component: Footprint Not Found MountingHole_2.7mm_M2.5_DIN965_Pad
Add component: Footprint Not Found MountingHole_2.7mm_M2.5_DIN965_Pad
Add component: Footprint Not Found MountingHole_2.7mm_M2.5_DIN965_Pad
Added Component: Designator=SW2(FP-4-5435640-1-MFG)
Add component (AddParameter): Name = "Actuator Type"; Value = "Rocker"; VariantName = "[No Variations]"
Add component (AddParameter): Name = "Contact Current Rating"; Value = "1A"; VariantName = "[No Variations]"
Add component (AddParameter): Name = "Contact Material"; Value = "Copper Alloy"; VariantName = "[No Variations]"
Add component (AddParameter): Name = "Contact Plating"; Value = "Gold"; VariantName = "[No Variations]"
Add component (AddParameter): Name = "Contact Post Length"; Value = "0.14inch"; VariantName = "[No Variations]"
Add component (AddParameter): Name = "ELV"; Value = "Compliant"; VariantName = "[No Variations]"
Add component (AddParameter): Name = "Height"; Value = "0.34inch"; VariantName = "[No Variations]"
Add component (AddParameter): Name = "Housing Color"; Value = "Blue"; VariantName = "[No Variations]"
Add component (AddParameter): Name = "Housing Material"; Value = "Polyester"; VariantName = "[No Variations]"
Add component (AddParameter): Name = "Lead Free"; Value = "Lead Free"; VariantName = "[No Variations]"
Add component (AddParameter): Name = "Length"; Value = "27.43mm"; VariantName = "[No Variations]"
Add component (AddParameter): Name = "Max Operating Temperature"; Value = "105°C"; VariantName = "[No Variations]"
Add component (AddParameter): Name = "Min Operating Temperature"; Value = "-55°C"; VariantName = "[No Variations]"
Add component (AddParameter): Name = "Mount"; Value = "Through Hole"; VariantName = "[No Variations]"
Add component (AddParameter): Name = "Number of Circuits"; Value = "10"; VariantName = "[No Variations]"
Add component (AddParameter): Name = "Number of Positions"; Value = "10"; VariantName = "[No Variations]"
Add component (AddParameter): Name = "Orientation"; Value = "Straight"; VariantName = "[No Variations]"
Add component (AddParameter): Name = "Package Quantity"; Value = "11"; VariantName = "[No Variations]"
Add component (AddParameter): Name = "Packaging"; Value = "Rail/Tube"; VariantName = "[No Variations]"
Add component (AddParameter): Name = "Pitch"; Value = "0.1inch"; VariantName = "[No Variations]"
Add component (AddParameter): Name = "Radiation Hardening"; Value = "No"; VariantName = "[No Variations]"
Add component (AddParameter): Name = "RoHS Compliant"; Value = "Yes"; VariantName = "[No Variations]"
Add component (AddParameter): Name = "Sealable"; Value = "Yes (With)"; VariantName = "[No Variations]"
Add component (AddParameter): Name = "Series"; Value = "7100"; VariantName = "[No Variations]"
Add component (AddParameter): Name = "Terminal Pitch"; Value = "2.54mm"; VariantName = "[No Variations]"
Add component (AddParameter): Name = "Termination"; Value = "PC Pins"; VariantName = "[No Variations]"
Add component (AddParameter): Name = "Throw Configuration"; Value = "SPST"; VariantName = "[No Variations]"
Add component (AddParameter): Name = "Type"; Value = "Switch"; VariantName = "[No Variations]"
Add component (AddParameter): Name = "Voltage Rating (DC)"; Value = "40V"; VariantName = "[No Variations]"
Add component (AddParameter): Name = "Washable"; Value = "Yes"; VariantName = "[No Variations]"
Add Pin To Net: Unknown Pin: Pin D24-1
Add Pin To Net: Unknown Pin: Pin D24-2
Add Pin To Net: Unknown Pin: Pin H1-1
Add Pin To Net: Unknown Pin: Pin H2-1
Add Pin To Net: Unknown Pin: Pin H3-1
Add Pin To Net: Unknown Pin: Pin H4-1
Added Pin To Net: NetName=GND Pin=SW2-1
Added Pin To Net: NetName=GND Pin=SW2-2
Added Pin To Net: NetName=GND Pin=SW2-3
Added Pin To Net: NetName=GND Pin=SW2-4
Added Pin To Net: NetName=GND Pin=SW2-5
Added Pin To Net: NetName=GND Pin=SW2-6
Added Pin To Net: NetName=GND Pin=SW2-7
Added Pin To Net: NetName=GND Pin=SW2-8
Added Pin To Net: NetName=GND Pin=SW2-9
Added Pin To Net: NetName=GND Pin=SW2-10
Added Pin To Net: NetName=NetP11_6 Pin=SW2-11
Added Pin To Net: NetName=NetP11_5 Pin=SW2-12
Added Pin To Net: NetName=NetP11_4 Pin=SW2-13
Added Pin To Net: NetName=NetP11_3 Pin=SW2-14
Added Pin To Net: NetName=NetP11_2 Pin=SW2-15
Added Pin To Net: NetName=NetP11_1 Pin=SW2-16
Added Pin To Net: NetName=NetP10_4 Pin=SW2-17
Added Pin To Net: NetName=NetP10_3 Pin=SW2-18
Added Pin To Net: NetName=NetP10_2 Pin=SW2-19
Added Pin To Net: NetName=NetP10_1 Pin=SW2-20
Add Class Member: Failed to add class member : Component H1 MountingHole_Pad
Add Class Member: Failed to add class member : Component H2 MountingHole_Pad
Add Class Member: Failed to add class member : Component H3 MountingHole_Pad
Add Class Member: Failed to add class member : Component H4 MountingHole_Pad
Added Member To Class: ClassName=INPUT Member=Component SW2 4-5435640-1
