Removed Pin From Net: NetName=NetP10_1 Pin=P10-1
Removed Pin From Net: NetName=NetP10_2 Pin=P10-2
Removed Pin From Net: NetName=NetP10_3 Pin=P10-3
Removed Pin From Net: NetName=NetP10_4 Pin=P10-4
Removed Pin From Net: NetName=NetP11_1 Pin=P11-1
Removed Pin From Net: NetName=NetP11_2 Pin=P11-2
Removed Pin From Net: NetName=NetP11_3 Pin=P11-3
Removed Pin From Net: NetName=NetP11_4 Pin=P11-4
Removed Pin From Net: NetName=NetP11_5 Pin=P11-5
Removed Pin From Net: NetName=NetP11_6 Pin=P11-6
Add component: Footprint Not Found MountingHole_2.7mm_M2.5_DIN965_Pad
Add component: Footprint Not Found MountingHole_2.7mm_M2.5_DIN965_Pad
Add component: Footprint Not Found MountingHole_2.7mm_M2.5_DIN965_Pad
Add component: Footprint Not Found MountingHole_2.7mm_M2.5_DIN965_Pad
Added Component: Designator=P10(HDR/Terminal/4)
Add component (AddParameter): Name = "BRAND"; Value = ""; VariantName = "[No Variations]"
Add component (AddParameter): Name = "PACKAGE"; Value = ""; VariantName = "[No Variations]"
Add component (AddParameter): Name = "PART NO"; Value = ""; VariantName = "[No Variations]"
Add component (AddParameter): Name = "STOCK CODE"; Value = ""; VariantName = "[No Variations]"
Add component (AddParameter): Name = "SUPPLIER"; Value = ""; VariantName = "[No Variations]"
Add component (AddParameter): Name = "TYPE"; Value = ""; VariantName = "[No Variations]"
Added Component: Designator=P11(HDR/Terminal/6)
Add component (AddParameter): Name = "BRAND"; Value = ""; VariantName = "[No Variations]"
Add component (AddParameter): Name = "PACKAGE"; Value = ""; VariantName = "[No Variations]"
Add component (AddParameter): Name = "PART NO"; Value = ""; VariantName = "[No Variations]"
Add component (AddParameter): Name = "STOCK CODE"; Value = ""; VariantName = "[No Variations]"
Add component (AddParameter): Name = "SUPPLIER"; Value = ""; VariantName = "[No Variations]"
Add component (AddParameter): Name = "TYPE"; Value = ""; VariantName = "[No Variations]"
Add Pin To Net: Unknown Pin: Pin D24-1
Add Pin To Net: Unknown Pin: Pin D24-2
Add Pin To Net: Unknown Pin: Pin H1-1
Add Pin To Net: Unknown Pin: Pin H2-1
Add Pin To Net: Unknown Pin: Pin H3-1
Add Pin To Net: Unknown Pin: Pin H4-1
Added Pin To Net: NetName=NetP10_4 Pin=P10-1
Added Pin To Net: NetName=NetP10_3 Pin=P10-2
Added Pin To Net: NetName=NetP10_2 Pin=P10-3
Added Pin To Net: NetName=NetP10_1 Pin=P10-4
Added Pin To Net: NetName=NetP11_6 Pin=P11-1
Added Pin To Net: NetName=NetP11_5 Pin=P11-2
Added Pin To Net: NetName=NetP11_4 Pin=P11-3
Added Pin To Net: NetName=NetP11_3 Pin=P11-4
Added Pin To Net: NetName=NetP11_2 Pin=P11-5
Added Pin To Net: NetName=NetP11_1 Pin=P11-6
Change Net Name : Old Net Name=NetP10_1 New Net Name=NetP10_4
Change Net Name : Old Net Name=NetP10_2 New Net Name=NetP10_3
Change Net Name : Old Net Name=NetP10_3 New Net Name=NetP10_2
Change Net Name : Old Net Name=NetP10_4 New Net Name=NetP10_1
Change Net Name : Old Net Name=NetP11_1 New Net Name=NetP11_6
Change Net Name : Old Net Name=NetP11_2 New Net Name=NetP11_5
Change Net Name : Old Net Name=NetP11_3 New Net Name=NetP11_4
Change Net Name : Old Net Name=NetP11_4 New Net Name=NetP11_3
Change Net Name : Old Net Name=NetP11_5 New Net Name=NetP11_2
Change Net Name : Old Net Name=NetP11_6 New Net Name=NetP11_1
Add Class Member: Failed to add class member : Component H1 MountingHole_Pad
Add Class Member: Failed to add class member : Component H2 MountingHole_Pad
Add Class Member: Failed to add class member : Component H3 MountingHole_Pad
Add Class Member: Failed to add class member : Component H4 MountingHole_Pad
